// Jest Snapshot v1, https://goo.gl/fbAQLP

exports[`path calculate path area 1`] = `
Object {
  "maxLatitude": 45.55014,
  "maxLongitude": 6.30281,
  "minLatitude": 45.06822,
  "minLongitude": 5.77311,
}
`;

exports[`path calculate path elevation 1`] = `
Object {
  "negative": 10733.783100000026,
  "positive": 10774.175100000026,
}
`;

exports[`path calculate path length 1`] = `145736.45926229458`;

exports[`path compute path elevation of path without elevation data 1`] = `
Object {
  "negative": 0,
  "positive": 0,
}
`;

exports[`path create analyst 1`] = `
Object {
  "calculatePathBoundingBox": [Function],
  "calculatePathElevation": [Function],
  "calculatePathLength": [Function],
  "findClosestPosition": [Function],
  "getPositionIndex": [Function],
  "getPositionsAlongPath": [Function],
  "getPositionsIndicesAlongPath": [Function],
  "getProgressionStatistics": [Function],
  "splitPath": [Function],
}
`;

exports[`path find closest path position of Paris 1`] = `
Array [
  6.26363,
  45.53978,
  996.271,
]
`;

exports[`path get position at 10km mark 1`] = `1`;

exports[`path get position at 10km mark 2`] = `
Array [
  5.82955,
  45.08631,
  1380.492,
]
`;

exports[`path get position index for a given position 1`] = `5546`;

exports[`path get progression statistics 1`] = `5546`;

exports[`path get progression statistics 2`] = `
Array [
  145579.63929501126,
  0,
  0,
]
`;

exports[`path get section between 10km and 40 km marks 1`] = `1086`;
