// Jest Snapshot v1, https://goo.gl/fbAQLP

exports[`trace compute trace elevation 1`] = `
Object {
  "negative": 10733.783100000026,
  "positive": 10774.175100000026,
}
`;

exports[`trace compute trace elevation from trace without elevation data 1`] = `
Object {
  "negative": 0,
  "positive": 0,
}
`;

exports[`trace compute trace length 1`] = `145.73645926229432`;

exports[`trace compute trace region 1`] = `
Object {
  "maxLatitude": 45.55014,
  "maxLongitude": 6.30281,
  "minLatitude": 45.06822,
  "minLongitude": 5.77311,
}
`;

exports[`trace create helper 1`] = `
Object {
  "calculatePathBoundingBox": [Function],
  "calculatePathElevation": [Function],
  "calculatePathLength": [Function],
  "findClosestPosition": [Function],
  "getPositionIndex": [Function],
  "getPositionsAlongPath": [Function],
  "getPositionsIndicesAlongPath": [Function],
  "splitPath": [Function],
}
`;

exports[`trace find closest location of Paris 1`] = `
Array [
  6.26363,
  45.53978,
  996.271,
]
`;

exports[`trace get location at 10km 1`] = `
Array [
  5.82955,
  45.08631,
  1380.492,
]
`;
